// Jest Snapshot v1, https://goo.gl/fbAQLP

exports[`renders homepage unchanged 1`] = `
<a
  href="/auth"
>
  login
</a>
`;
